2026-08-25T05:48:02.840Z pw:browser <launching> /native-chromium/chrome --disable-field-trial-config --disable-background-networking --disable-background-timer-throttling --disable-backgrounding-occluded-windows --disable-back-forward-cache --disable-breakpad --disable-client-side-phishing-detection --disable-component-extensions-with-background-pages --disable-component-update --no-default-browser-check --disable-default-apps --disable-dev-shm-usage --disable-edgeupdater --disable-extensions --disable-features=AvoidUnnecessaryBeforeUnloadCheckSync,BoundaryEventDispatchTracksNodeRemoval,DestroyProfileOnBrowserClose,DialMediaRouteProvider,GlobalMediaControls,HttpsUpgrades,LensOverlay,MediaRouter,PaintHolding,ThirdPartyStoragePartitioning,BlockOriginHeaderModificationOnRedirect,Translate,AutoDeElevate,OptimizationHints,msForceBrowserSignIn,msEdgeUpdateLaunchServicesPreferredVersion --enable-features=CDPScreenshotNewSurface --allow-pre-commit-input --disable-hang-monitor --disable-ipc-flooding-protection --disable-popup-blocking --disable-prompt-on-repost --disable-renderer-backgrounding --disable-updater-scheduler --force-color-profile=srgb --metrics-recording-only --no-first-run --password-store=basic --use-mock-keychain --no-service-autorun --export-tagged-pdf --disable-search-engine-choice-screen --unsafely-disable-devtools-self-xss-warnings --edge-skip-compat-layer-relaunch --disable-infobars --disable-search-engine-choice-screen --disable-sync --enable-unsafe-swiftshader --headless --hide-scrollbars --mute-audio --blink-settings=primaryHoverType=2,availableHoverTypes=2,primaryPointerType=4,availablePointerTypes=4 --no-sandbox --no-sandbox --enable-logging=stderr --log-level=0 --enable-quic --no-proxy-server --ignore-certificate-errors --disable-background-networking --origin-to-force-quic-on=a.service.test:4433 --ignore-certificate-errors-spki-list=NdxVLANqQ92KAB0XLPUtbP/X5h/SQXbJd46oMo8EBcs=,b20c5FWqendhxrtGyB/k65HeF/WGiVc1TeC+Zi+kJbY= --user-data-dir=/tmp/dnsfresh-wire-profile --remote-debugging-pipe about:blank
2026-08-25T05:48:02.843Z pw:browser <launched> pid=19
2026-08-25T05:48:02.900Z pw:browser [pid=19][err] [19:33:0825/054802.899754:ERROR:dbus/bus.cc:405] Failed to connect to the bus: Failed to connect to socket /run/dbus/system_bus_socket: No such file or directory
2026-08-25T05:48:02.901Z pw:browser [pid=19][err] [19:19:0825/054802.901314:ERROR:ui/base/cursor/cursor_factory.cc:97] Not implemented reached in virtual void ui::CursorFactory::ObserveThemeChanges(). 
2026-08-25T05:48:02.904Z pw:browser [pid=19][err] [19:33:0825/054802.904593:ERROR:dbus/bus.cc:405] Failed to connect to the bus: Could not parse server address: Unknown address type (examples of valid types are "tcp" and on UNIX "unix")
2026-08-25T05:48:02.905Z pw:browser [pid=19][err] [19:33:0825/054802.904845:ERROR:dbus/bus.cc:405] Failed to connect to the bus: Failed to connect to socket /run/dbus/system_bus_socket: No such file or directory
2026-08-25T05:48:02.905Z pw:browser [pid=19][err] [19:33:0825/054802.905014:ERROR:dbus/bus.cc:405] Failed to connect to the bus: Failed to connect to socket /run/dbus/system_bus_socket: No such file or directory
2026-08-25T05:48:02.905Z pw:browser [pid=19][err] [19:33:0825/054802.905036:ERROR:dbus/bus.cc:405] Failed to connect to the bus: Could not parse server address: Unknown address type (examples of valid types are "tcp" and on UNIX "unix")
2026-08-25T05:48:02.922Z pw:browser [pid=19][err] WARN: SystemInfo_vulkan.cpp:198 (HasKhronosValidationLayer): Vulkan validation layers are missing
2026-08-25T05:48:02.930Z pw:browser [pid=19][err] [47:47:0825/054802.929715:WARNING:media/gpu/vaapi/vaapi_wrapper.cc:1655] drmGetDevices2() has not found any devices
2026-08-25T05:48:02.931Z pw:browser [pid=19][err] [47:47:0825/054802.931680:WARNING:sandbox/policy/linux/sandbox_linux.cc:405] InitializeSandbox() called with multiple threads in process gpu-process.
2026-08-25T05:48:03.001Z pw:browser [pid=19][err] [19:19:0825/054803.001071:ERROR:chrome/browser/net/stub_resolver_config_reader.cc:345] DNSFRESH_DOH_PREF managed=0 mode='secure' templates='https://172.18.0.55:8443/dns-query{?dns}'
2026-08-25T05:48:03.001Z pw:browser [pid=19][err] [19:19:0825/054803.001150:ERROR:chrome/browser/net/stub_resolver_config_reader.cc:450] DNSFRESH_DOH_EFFECTIVE mode=2 servers=1 update_network_service=1
2026-08-25T05:48:03.022Z pw:browser [pid=19][err] [19:19:0825/054803.022454:WARNING:chrome/browser/signin/account_consistency_mode_manager.cc:74] Desktop Identity Consistency cannot be enabled as no OAuth client ID and client secret have been configured.
2026-08-25T05:48:03.027Z pw:browser [pid=19][err] [19:33:0825/054803.027687:ERROR:dbus/bus.cc:405] Failed to connect to the bus: Could not parse server address: Unknown address type (examples of valid types are "tcp" and on UNIX "unix")
2026-08-25T05:48:03.149Z pw:browser [pid=19][err] [19:19:0825/054803.149825:ERROR:components/power_monitor/power_monitor_device_source_linux.cc:51] Failed to connect to org.freedesktop.login1.Manager for signal PrepareForSleep
2026-08-25T05:48:03.150Z pw:browser [pid=19][err] [19:19:0825/054803.149969:ERROR:dbus/object_proxy.cc:572] Failed to call method: org.freedesktop.DBus.NameHasOwner: object_path= /org/freedesktop/DBus: unknown error type: 
2026-08-25T05:48:03.150Z pw:browser [pid=19][err] [19:19:0825/054803.150023:WARNING:device/bluetooth/dbus/bluez_dbus_manager.cc:209] Floss manager service not available, cannot set Floss enable/disable.
2026-08-25T05:48:03.150Z pw:browser [pid=19][err] [19:19:0825/054803.150049:ERROR:dbus/object_proxy.cc:572] Failed to call method: org.freedesktop.DBus.NameHasOwner: object_path= /org/freedesktop/DBus: unknown error type: 
2026-08-25T05:48:03.150Z pw:browser [pid=19][err] [19:33:0825/054803.150059:ERROR:dbus/bus.cc:405] Failed to connect to the bus: Could not parse server address: Unknown address type (examples of valid types are "tcp" and on UNIX "unix")
2026-08-25T05:48:03.150Z pw:browser [pid=19][err] [19:33:0825/054803.150081:ERROR:dbus/bus.cc:405] Failed to connect to the bus: Could not parse server address: Unknown address type (examples of valid types are "tcp" and on UNIX "unix")
2026-08-25T05:48:03.156Z pw:browser [pid=19][err] [19:19:0825/054803.155883:ERROR:dbus/object_proxy.cc:572] Failed to call method: org.freedesktop.DBus.NameHasOwner: object_path= /org/freedesktop/DBus: unknown error type: 
2026-08-25T05:48:03.165Z pw:browser [pid=19][err] [19:33:0825/054803.165142:ERROR:dbus/bus.cc:405] Failed to connect to the bus: Failed to connect to socket /run/dbus/system_bus_socket: No such file or directory
2026-08-25T05:48:03.165Z pw:browser [pid=19][err] [19:33:0825/054803.165190:ERROR:dbus/bus.cc:405] Failed to connect to the bus: Failed to connect to socket /run/dbus/system_bus_socket: No such file or directory
2026-08-25T05:48:03.165Z pw:browser [pid=19][err] [19:19:0825/054803.165224:ERROR:dbus/object_proxy.cc:572] Failed to call method: org.freedesktop.DBus.NameHasOwner: object_path= /org/freedesktop/DBus: unknown error type: 
2026-08-25T05:48:03.165Z pw:browser [pid=19][err] [19:19:0825/054803.165247:ERROR:dbus/object_proxy.cc:572] Failed to call method: org.freedesktop.DBus.NameHasOwner: object_path= /org/freedesktop/DBus: unknown error type: 
2026-08-25T05:48:03.165Z pw:browser [pid=19][err] [19:33:0825/054803.165302:ERROR:dbus/bus.cc:405] Failed to connect to the bus: Could not parse server address: Unknown address type (examples of valid types are "tcp" and on UNIX "unix")
2026-08-25T05:48:03.177Z pw:browser [pid=19][err] [19:19:0825/054803.177111:WARNING:dbus/property.cc:94] Failed to connect to PropertiesChangedsignal.
2026-08-25T05:48:03.177Z pw:browser [pid=19][err] [19:19:0825/054803.177137:ERROR:dbus/object_proxy.cc:572] Failed to call method: org.freedesktop.DBus.Properties.GetAll: object_path= /org/freedesktop/UPower/devices/DisplayDevice: unknown error type: 
2026-08-25T05:48:03.177Z pw:browser [pid=19][err] [19:19:0825/054803.177142:WARNING:dbus/property.cc:174] GetAll request failed for: org.freedesktop.UPower.Device
2026-08-25T05:48:03.177Z pw:browser [pid=19][err] [19:19:0825/054803.177157:ERROR:dbus/object_proxy.cc:572] Failed to call method: org.freedesktop.DBus.NameHasOwner: object_path= /org/freedesktop/DBus: unknown error type: 
2026-08-25T05:48:03.177Z pw:browser [pid=19][err] [19:33:0825/054803.177227:ERROR:dbus/bus.cc:405] Failed to connect to the bus: Could not parse server address: Unknown address type (examples of valid types are "tcp" and on UNIX "unix")
2026-08-25T05:48:03.177Z pw:browser [pid=19][err] [65:70:0825/054803.177532:ERROR:net/dns/host_resolver_dns_task.cc:585] DNS_FRESHNESS_NATIVE DNSSEC_GATE host=www.google.com type=7 is_https=1 mode=2 secure=1 ad=0 authenticated=0 flags=33152
2026-08-25T05:48:03.181Z pw:browser [pid=19][err] [19:19:0825/054803.180137:ERROR:dbus/object_proxy.cc:572] Failed to call method: org.freedesktop.DBus.NameHasOwner: object_path= /org/freedesktop/DBus: unknown error type: 
2026-08-25T05:48:03.181Z pw:browser [pid=19][err] [19:33:0825/054803.180201:ERROR:dbus/bus.cc:405] Failed to connect to the bus: Could not parse server address: Unknown address type (examples of valid types are "tcp" and on UNIX "unix")
2026-08-25T05:48:03.181Z pw:browser [pid=19][err] [19:19:0825/054803.181308:ERROR:dbus/object_proxy.cc:572] Failed to call method: org.freedesktop.DBus.NameHasOwner: object_path= /org/freedesktop/DBus: unknown error type: 
2026-08-25T05:48:03.181Z pw:browser [pid=19][err] [19:19:0825/054803.181319:WARNING:ui/base/idle/idle_linux.cc:111] None of the known D-Bus ScreenSaver services could be used.
2026-08-25T05:48:03.197Z pw:browser [pid=19][err] [65:70:0825/054803.197076:ERROR:net/dns/host_resolver_dns_task.cc:585] DNS_FRESHNESS_NATIVE DNSSEC_GATE host=a.service.test type=7 is_https=1 mode=2 secure=1 ad=1 authenticated=1 flags=33184
2026-08-25T05:48:03.197Z pw:browser [pid=19][err] [65:70:0825/054803.197247:ERROR:net/dns/host_resolver_dns_task.cc:585] DNS_FRESHNESS_NATIVE DNSSEC_GATE host=a.service.test type=1 is_https=0 mode=2 secure=1 ad=0 authenticated=0 flags=33152
2026-08-25T05:48:03.197Z pw:browser [pid=19][err] [65:70:0825/054803.197355:ERROR:services/network/network_service_network_delegate.cc:255] DNS_FRESHNESS_NATIVE METADATA_BRIDGE HOST=a.service.test COUNT=1
2026-08-25T05:48:03.197Z pw:browser [pid=19][err] [65:70:0825/054803.197392:ERROR:services/network/freshness/freshness_processor.cc:1122] DNS_FRESHNESS_NATIVE DISCOVERY_BOOTSTRAP=PASS HOST=a.service.test ROOT_EPOCH=1
2026-08-25T05:48:03.214Z pw:browser [pid=19][err] [65:70:0825/054803.214240:ERROR:net/dns/host_resolver_dns_task.cc:585] DNS_FRESHNESS_NATIVE DNSSEC_GATE host=www.google.com type=1 is_https=0 mode=2 secure=1 ad=0 authenticated=0 flags=33152
2026-08-25T05:48:03.215Z pw:browser [pid=19][err] [65:70:0825/054803.214949:ERROR:services/network/network_service_network_delegate.cc:255] DNS_FRESHNESS_NATIVE METADATA_BRIDGE HOST=www.google.com COUNT=1
2026-08-25T05:48:03.227Z pw:browser [pid=19][err] [65:70:0825/054803.227309:ERROR:net/dns/host_resolver_dns_task.cc:585] DNS_FRESHNESS_NATIVE DNSSEC_GATE host=clients2.google.com type=1 is_https=0 mode=2 secure=1 ad=0 authenticated=0 flags=33152
2026-08-25T05:48:03.647Z pw:browser [pid=19][err] [65:70:0825/054803.647062:ERROR:services/network/network_service_network_delegate.cc:255] DNS_FRESHNESS_NATIVE METADATA_BRIDGE HOST=a.service.test COUNT=1
2026-08-25T05:48:03.647Z pw:browser [pid=19][err] [65:70:0825/054803.647084:ERROR:services/network/freshness/freshness_processor.cc:1122] DNS_FRESHNESS_NATIVE DISCOVERY_BOOTSTRAP=PASS HOST=a.service.test ROOT_EPOCH=1
2026-08-25T05:48:03.649Z pw:browser [pid=19][err] [65:70:0825/054803.649664:ERROR:services/network/network_service_network_delegate.cc:183] DNS_FRESHNESS_NATIVE CURSOR_WIRE=PASS HOST=a.service.test BYTES=34
2026-08-25T05:48:03.650Z pw:browser [pid=19][err] [65:70:0825/054803.650569:ERROR:services/network/freshness/freshness_processor.cc:538] DNS_FRESHNESS_NATIVE COSE_SIGNATURE=PASS TRUST=DNSSEC_ROOT
2026-08-25T05:48:03.650Z pw:browser [pid=19][err] [65:70:0825/054803.650595:ERROR:services/network/freshness/freshness_processor.cc:753] DNS_FRESHNESS_NATIVE SNAPSHOT_ADMITTED=PASS GEN=100 ENDPOINT=172.18.0.61 ROOT_EPOCH=1
2026-08-25T05:48:03.651Z pw:browser [pid=19][err] [65:70:0825/054803.650990:ERROR:services/network/network_service_network_delegate.cc:255] DNS_FRESHNESS_NATIVE METADATA_BRIDGE HOST=a.service.test COUNT=1
2026-08-25T05:48:03.651Z pw:browser [pid=19][err] [65:70:0825/054803.651002:ERROR:services/network/freshness/freshness_processor.cc:1122] DNS_FRESHNESS_NATIVE DISCOVERY_BOOTSTRAP=PASS HOST=a.service.test ROOT_EPOCH=1
2026-08-25T05:48:03.651Z pw:browser [pid=19][err] [65:70:0825/054803.651020:ERROR:services/network/network_service_network_delegate.cc:255] DNS_FRESHNESS_NATIVE METADATA_BRIDGE HOST=a.service.test COUNT=1
2026-08-25T05:48:03.651Z pw:browser [pid=19][err] [65:70:0825/054803.651030:ERROR:services/network/freshness/freshness_processor.cc:1122] DNS_FRESHNESS_NATIVE DISCOVERY_BOOTSTRAP=PASS HOST=a.service.test ROOT_EPOCH=1
REQUEST1_STATUS=200
REQUEST1_MS=482.715
REQUEST1_FRESHNESS_OBJECT=YES
2026-08-25T05:48:03.688Z pw:browser [pid=19][err] [65:70:0825/054803.688668:ERROR:net/dns/host_resolver_dns_task.cc:585] DNS_FRESHNESS_NATIVE DNSSEC_GATE host=accounts.google.com type=1 is_https=0 mode=2 secure=1 ad=0 authenticated=0 flags=33152
2026-08-25T05:48:03.697Z pw:browser [pid=19][err] [65:70:0825/054803.697541:ERROR:net/dns/host_resolver_dns_task.cc:585] DNS_FRESHNESS_NATIVE DNSSEC_GATE host=accounts.google.com type=7 is_https=1 mode=2 secure=1 ad=0 authenticated=0 flags=33152
2026-08-25T05:48:03.700Z pw:browser [pid=19][err] [65:70:0825/054803.699954:ERROR:services/network/network_service_network_delegate.cc:255] DNS_FRESHNESS_NATIVE METADATA_BRIDGE HOST=www.google.com COUNT=1
2026-08-25T05:48:03.700Z pw:browser [pid=19][err] [65:70:0825/054803.699977:ERROR:services/network/network_service_network_delegate.cc:255] DNS_FRESHNESS_NATIVE METADATA_BRIDGE HOST=www.google.com COUNT=1
2026-08-25T05:48:04.888Z pw:browser [pid=19][err] [65:70:0825/054804.888570:ERROR:services/network/network_service_network_delegate.cc:183] DNS_FRESHNESS_NATIVE CURSOR_WIRE=PASS HOST=a.service.test BYTES=118
2026-08-25T05:48:04.889Z pw:browser [pid=19][err] [65:70:0825/054804.889612:ERROR:services/network/freshness/freshness_processor.cc:538] DNS_FRESHNESS_NATIVE COSE_SIGNATURE=PASS TRUST=DNSSEC_ROOT
2026-08-25T05:48:04.889Z pw:browser [pid=19][err] [65:70:0825/054804.889639:ERROR:services/network/freshness/freshness_processor.cc:828] DNS_FRESHNESS_NATIVE FROM_GENERATION_DIGEST=PASS GEN=100
2026-08-25T05:48:04.889Z pw:browser [pid=19][err] [65:70:0825/054804.889648:ERROR:services/network/freshness/freshness_processor.cc:919] DNS_FRESHNESS_NATIVE REPLACE_RRSET=PASS
2026-08-25T05:48:04.889Z pw:browser [pid=19][err] [65:70:0825/054804.889652:ERROR:services/network/freshness/freshness_processor.cc:921] DNS_FRESHNESS_NATIVE TO_DIGEST=PASS
2026-08-25T05:48:04.889Z pw:browser [pid=19][err] [65:70:0825/054804.889669:ERROR:services/network/freshness/freshness_processor.cc:997] DNS_FRESHNESS_NATIVE COMMIT=PASS GEN=101 ENDPOINT=172.18.0.12 ROOT_EPOCH=1
2026-08-25T05:48:04.890Z pw:browser [pid=19][err] [65:70:0825/054804.890050:ERROR:services/network/network_service_network_delegate.cc:255] DNS_FRESHNESS_NATIVE METADATA_BRIDGE HOST=a.service.test COUNT=1
2026-08-25T05:48:04.890Z pw:browser [pid=19][err] [65:70:0825/054804.890065:ERROR:services/network/freshness/freshness_processor.cc:1122] DNS_FRESHNESS_NATIVE DISCOVERY_BOOTSTRAP=PASS HOST=a.service.test ROOT_EPOCH=1
2026-08-25T05:48:04.890Z pw:browser [pid=19][err] [65:70:0825/054804.890081:ERROR:services/network/network_service_network_delegate.cc:255] DNS_FRESHNESS_NATIVE METADATA_BRIDGE HOST=a.service.test COUNT=1
2026-08-25T05:48:04.890Z pw:browser [pid=19][err] [65:70:0825/054804.890088:ERROR:services/network/freshness/freshness_processor.cc:1122] DNS_FRESHNESS_NATIVE DISCOVERY_BOOTSTRAP=PASS HOST=a.service.test ROOT_EPOCH=1
REQUEST2_STATUS=200
REQUEST2_MS=34.627
REQUEST2_FRESHNESS_OBJECT=YES
2026-08-25T05:48:07.704Z pw:browser [pid=19][err] [65:70:0825/054807.704306:ERROR:net/dns/host_resolver_dns_task.cc:585] DNS_FRESHNESS_NATIVE DNSSEC_GATE host=android.clients.google.com type=7 is_https=1 mode=2 secure=1 ad=0 authenticated=0 flags=33152
2026-08-25T05:48:07.724Z pw:browser [pid=19][err] [65:70:0825/054807.723860:ERROR:net/dns/host_resolver_dns_task.cc:585] DNS_FRESHNESS_NATIVE DNSSEC_GATE host=android.clients.google.com type=1 is_https=0 mode=2 secure=1 ad=0 authenticated=0 flags=33152
2026-08-25T05:48:07.909Z pw:browser [pid=19][err] [65:70:0825/054807.909024:ERROR:net/dns/host_resolver_dns_task.cc:585] DNS_FRESHNESS_NATIVE DNSSEC_GATE host=mtalk.google.com type=1 is_https=0 mode=2 secure=1 ad=0 authenticated=0 flags=33152
2026-08-25T05:48:07.919Z pw:browser [pid=19][err] [19:34:0825/054807.919262:ERROR:google_apis/gcm/engine/registration_request.cc:291] Registration response error message: PHONE_REGISTRATION_ERROR
2026-08-25T05:48:07.920Z pw:browser [pid=19][err] [19:34:0825/054807.920014:ERROR:google_apis/gcm/engine/registration_request.cc:291] Registration response error message: PHONE_REGISTRATION_ERROR
2026-08-25T05:48:07.921Z pw:browser [pid=19][err] [19:34:0825/054807.921169:ERROR:google_apis/gcm/engine/registration_request.cc:291] Registration response error message: PHONE_REGISTRATION_ERROR
2026-08-25T05:48:08.244Z pw:browser [pid=19][err] [65:70:0825/054808.244196:ERROR:services/network/network_service_network_delegate.cc:183] DNS_FRESHNESS_NATIVE CURSOR_WIRE=PASS HOST=a.service.test BYTES=118
2026-08-25T05:48:08.246Z pw:browser [pid=19][err] [65:70:0825/054808.246020:ERROR:services/network/network_service_network_delegate.cc:255] DNS_FRESHNESS_NATIVE METADATA_BRIDGE HOST=a.service.test COUNT=1
2026-08-25T05:48:08.246Z pw:browser [pid=19][err] [65:70:0825/054808.246057:ERROR:services/network/freshness/freshness_processor.cc:1122] DNS_FRESHNESS_NATIVE DISCOVERY_BOOTSTRAP=PASS HOST=a.service.test ROOT_EPOCH=1
2026-08-25T05:48:08.246Z pw:browser [pid=19][err] [65:70:0825/054808.246088:ERROR:services/network/network_service_network_delegate.cc:255] DNS_FRESHNESS_NATIVE METADATA_BRIDGE HOST=a.service.test COUNT=1
2026-08-25T05:48:08.246Z pw:browser [pid=19][err] [65:70:0825/054808.246102:ERROR:services/network/freshness/freshness_processor.cc:1122] DNS_FRESHNESS_NATIVE DISCOVERY_BOOTSTRAP=PASS HOST=a.service.test ROOT_EPOCH=1
REQUEST3_STATUS=200
REQUEST3_MS=31.797
REQUEST3_FRESHNESS_OBJECT=NO
DELTA_NOCHANGE_BROWSER_SEQUENCE=PASS
2026-08-25T05:48:08.267Z pw:browser [pid=19] <gracefully close start>
2026-08-25T05:48:08.453Z pw:browser [pid=19][err] [65:71:0825/054808.453720:WARNING:net/extras/sqlite/sqlite_persistent_store_backend_base.cc:181] Failed to post task from FlushAndNotifyInBackground@net/extras/sqlite/sqlite_persistent_store_backend_base.cc:231 to client_task_runner_.
2026-08-25T05:48:08.454Z pw:browser [pid=19][err] [65:71:0825/054808.453788:WARNING:net/extras/sqlite/sqlite_persistent_store_backend_base.cc:181] Failed to post task from FlushAndNotifyInBackground@net/extras/sqlite/sqlite_persistent_store_backend_base.cc:231 to client_task_runner_.
2026-08-25T05:48:08.484Z pw:browser [pid=19][err] [19:19:0825/054808.483952:ERROR:base/process/kill_posix.cc:33] waitpid(65): No child processes (10)
2026-08-25T05:48:08.485Z pw:browser [pid=19][err] [19:34:0825/054808.485457:WARNING:components/discardable_memory/service/discardable_shared_memory_manager.cc:458] Some MojoDiscardableSharedMemoryManagerImpls are still alive. They will be leaked.
2026-08-25T05:48:08.502Z pw:browser [pid=19] <process did exit: exitCode=0, signal=null>
2026-08-25T05:48:08.503Z pw:browser [pid=19] starting temporary directories cleanup
2026-08-25T05:48:08.503Z pw:browser [pid=19] finished temporary directories cleanup
2026-08-25T05:48:08.503Z pw:browser [pid=19] <gracefully close end>
